1791041304.849520 client started (715894): version 3.5a, socket /tmp/tmux-1003/default, protocol 8
1791041304.849535 on Linux 6.12.111+deb13-cloud-amd64 #1 SMP PREEMPT_DYNAMIC Debian 6.12.111-1 (2026-09-28)
1791041304.849537 using libevent 2.1.13-stable poll
1791041304.849539 using ncurses 6.5 20250125
1791041304.849553 flags are 0x10010000
1791041304.849562 socket is /tmp/tmux-1003/default
1791041304.849574 trying connect
1791041304.849595 add peer 0x7fce222a2ec0: 6 ((nil))
1791041304.849787 sending message 111 to peer 0x7fce222a2ec0 (8 bytes)
1791041304.849792 sending message 111 to peer 0x7fce222a2ec0 (8 bytes)
1791041304.849794 sending message 101 to peer 0x7fce222a2ec0 (14 bytes)
1791041304.849796 sending message 109 to peer 0x7fce222a2ec0 (4 bytes)
1791041304.849798 sending message 102 to peer 0x7fce222a2ec0 (11 bytes)
1791041304.849799 sending message 108 to peer 0x7fce222a2ec0 (41 bytes)
1791041304.849801 sending message 112 to peer 0x7fce222a2ec0 (70 bytes)
1791041304.849803 sending message 112 to peer 0x7fce222a2ec0 (5 bytes)
1791041304.849804 sending message 112 to peer 0x7fce222a2ec0 (5 bytes)
1791041304.849806 sending message 112 to peer 0x7fce222a2ec0 (6 bytes)
1791041304.849808 sending message 112 to peer 0x7fce222a2ec0 (6 bytes)
1791041304.849809 sending message 112 to peer 0x7fce222a2ec0 (11 bytes)
1791041304.849811 sending message 112 to peer 0x7fce222a2ec0 (10 bytes)
1791041304.849812 sending message 112 to peer 0x7fce222a2ec0 (13 bytes)
1791041304.849814 sending message 112 to peer 0x7fce222a2ec0 (13 bytes)
1791041304.849816 sending message 112 to peer 0x7fce222a2ec0 (18 bytes)
1791041304.849817 sending message 112 to peer 0x7fce222a2ec0 (11 bytes)
1791041304.849819 sending message 112 to peer 0x7fce222a2ec0 (10 bytes)
1791041304.849821 sending message 112 to peer 0x7fce222a2ec0 (15 bytes)
1791041304.849822 sending message 112 to peer 0x7fce222a2ec0 (21 bytes)
1791041304.849824 sending message 112 to peer 0x7fce222a2ec0 (13 bytes)
1791041304.849825 sending message 112 to peer 0x7fce222a2ec0 (7 bytes)
1791041304.849827 sending message 112 to peer 0x7fce222a2ec0 (13 bytes)
1791041304.849829 sending message 112 to peer 0x7fce222a2ec0 (7 bytes)
1791041304.849830 sending message 112 to peer 0x7fce222a2ec0 (13 bytes)
1791041304.849832 sending message 112 to peer 0x7fce222a2ec0 (9 bytes)
1791041304.849833 sending message 112 to peer 0x7fce222a2ec0 (21 bytes)
1791041304.849835 sending message 112 to peer 0x7fce222a2ec0 (13 bytes)
1791041304.849837 sending message 112 to peer 0x7fce222a2ec0 (8 bytes)
1791041304.849838 sending message 112 to peer 0x7fce222a2ec0 (12 bytes)
1791041304.849840 sending message 112 to peer 0x7fce222a2ec0 (13 bytes)
1791041304.849842 sending message 112 to peer 0x7fce222a2ec0 (9 bytes)
1791041304.849843 sending message 112 to peer 0x7fce222a2ec0 (9 bytes)
1791041304.849845 sending message 112 to peer 0x7fce222a2ec0 (12 bytes)
1791041304.849846 sending message 112 to peer 0x7fce222a2ec0 (8 bytes)
1791041304.849848 sending message 112 to peer 0x7fce222a2ec0 (8 bytes)
1791041304.849850 sending message 112 to peer 0x7fce222a2ec0 (7 bytes)
1791041304.849851 sending message 112 to peer 0x7fce222a2ec0 (7 bytes)
1791041304.849853 sending message 112 to peer 0x7fce222a2ec0 (9 bytes)
1791041304.849855 sending message 112 to peer 0x7fce222a2ec0 (13 bytes)
1791041304.849856 sending message 112 to peer 0x7fce222a2ec0 (6 bytes)
1791041304.849858 sending message 112 to peer 0x7fce222a2ec0 (9 bytes)
1791041304.849859 sending message 112 to peer 0x7fce222a2ec0 (15 bytes)
1791041304.849861 sending message 112 to peer 0x7fce222a2ec0 (13 bytes)
1791041304.849863 sending message 112 to peer 0x7fce222a2ec0 (12 bytes)
1791041304.849864 sending message 112 to peer 0x7fce222a2ec0 (8 bytes)
1791041304.849866 sending message 112 to peer 0x7fce222a2ec0 (14 bytes)
1791041304.849868 sending message 112 to peer 0x7fce222a2ec0 (11 bytes)
1791041304.849869 sending message 112 to peer 0x7fce222a2ec0 (9 bytes)
1791041304.849871 sending message 112 to peer 0x7fce222a2ec0 (10 bytes)
1791041304.849872 sending message 112 to peer 0x7fce222a2ec0 (10 bytes)
1791041304.849879 sending message 112 to peer 0x7fce222a2ec0 (10 bytes)
1791041304.849881 sending message 112 to peer 0x7fce222a2ec0 (10 bytes)
1791041304.849882 sending message 112 to peer 0x7fce222a2ec0 (11 bytes)
1791041304.849884 sending message 112 to peer 0x7fce222a2ec0 (12 bytes)
1791041304.849885 sending message 112 to peer 0x7fce222a2ec0 (12 bytes)
1791041304.849887 sending message 112 to peer 0x7fce222a2ec0 (12 bytes)
1791041304.849889 sending message 112 to peer 0x7fce222a2ec0 (12 bytes)
1791041304.849890 sending message 112 to peer 0x7fce222a2ec0 (12 bytes)
1791041304.849892 sending message 112 to peer 0x7fce222a2ec0 (11 bytes)
1791041304.849894 sending message 112 to peer 0x7fce222a2ec0 (11 bytes)
1791041304.849895 sending message 112 to peer 0x7fce222a2ec0 (12 bytes)
1791041304.849897 sending message 112 to peer 0x7fce222a2ec0 (12 bytes)
1791041304.849898 sending message 112 to peer 0x7fce222a2ec0 (12 bytes)
1791041304.849900 sending message 112 to peer 0x7fce222a2ec0 (12 bytes)
1791041304.849902 sending message 112 to peer 0x7fce222a2ec0 (12 bytes)
1791041304.849903 sending message 112 to peer 0x7fce222a2ec0 (10 bytes)
1791041304.849905 sending message 112 to peer 0x7fce222a2ec0 (12 bytes)
1791041304.849907 sending message 112 to peer 0x7fce222a2ec0 (13 bytes)
1791041304.849908 sending message 112 to peer 0x7fce222a2ec0 (13 bytes)
1791041304.849910 sending message 112 to peer 0x7fce222a2ec0 (13 bytes)
1791041304.849911 sending message 112 to peer 0x7fce222a2ec0 (13 bytes)
1791041304.849913 sending message 112 to peer 0x7fce222a2ec0 (13 bytes)
1791041304.849915 sending message 112 to peer 0x7fce222a2ec0 (8 bytes)
1791041304.849916 sending message 112 to peer 0x7fce222a2ec0 (11 bytes)
1791041304.849918 sending message 112 to peer 0x7fce222a2ec0 (11 bytes)
1791041304.849920 sending message 112 to peer 0x7fce222a2ec0 (11 bytes)
1791041304.849921 sending message 112 to peer 0x7fce222a2ec0 (12 bytes)
1791041304.849923 sending message 112 to peer 0x7fce222a2ec0 (12 bytes)
1791041304.849924 sending message 112 to peer 0x7fce222a2ec0 (12 bytes)
1791041304.849926 sending message 112 to peer 0x7fce222a2ec0 (12 bytes)
1791041304.849928 sending message 112 to peer 0x7fce222a2ec0 (13 bytes)
1791041304.849929 sending message 112 to peer 0x7fce222a2ec0 (13 bytes)
1791041304.849931 sending message 112 to peer 0x7fce222a2ec0 (13 bytes)
1791041304.849933 sending message 112 to peer 0x7fce222a2ec0 (8 bytes)
1791041304.849934 sending message 112 to peer 0x7fce222a2ec0 (13 bytes)
1791041304.849936 sending message 112 to peer 0x7fce222a2ec0 (13 bytes)
1791041304.849938 sending message 112 to peer 0x7fce222a2ec0 (13 bytes)
1791041304.849939 sending message 112 to peer 0x7fce222a2ec0 (13 bytes)
1791041304.849941 sending message 112 to peer 0x7fce222a2ec0 (13 bytes)
1791041304.849943 sending message 112 to peer 0x7fce222a2ec0 (12 bytes)
1791041304.849944 sending message 112 to peer 0x7fce222a2ec0 (12 bytes)
1791041304.849946 sending message 112 to peer 0x7fce222a2ec0 (12 bytes)
1791041304.849948 sending message 112 to peer 0x7fce222a2ec0 (12 bytes)
1791041304.849949 sending message 112 to peer 0x7fce222a2ec0 (13 bytes)
1791041304.849951 sending message 112 to peer 0x7fce222a2ec0 (8 bytes)
1791041304.849952 sending message 112 to peer 0x7fce222a2ec0 (13 bytes)
1791041304.849954 sending message 112 to peer 0x7fce222a2ec0 (13 bytes)
1791041304.849956 sending message 112 to peer 0x7fce222a2ec0 (13 bytes)
1791041304.849957 sending message 112 to peer 0x7fce222a2ec0 (13 bytes)
1791041304.849959 sending message 112 to peer 0x7fce222a2ec0 (13 bytes)
1791041304.849961 sending message 112 to peer 0x7fce222a2ec0 (13 bytes)
1791041304.849962 sending message 112 to peer 0x7fce222a2ec0 (13 bytes)
1791041304.849964 sending message 112 to peer 0x7fce222a2ec0 (12 bytes)
1791041304.849966 sending message 112 to peer 0x7fce222a2ec0 (12 bytes)
1791041304.849967 sending message 112 to peer 0x7fce222a2ec0 (12 bytes)
1791041304.849969 sending message 112 to peer 0x7fce222a2ec0 (8 bytes)
1791041304.849970 sending message 112 to peer 0x7fce222a2ec0 (12 bytes)
1791041304.849978 sending message 112 to peer 0x7fce222a2ec0 (13 bytes)
1791041304.849980 sending message 112 to peer 0x7fce222a2ec0 (13 bytes)
1791041304.849982 sending message 112 to peer 0x7fce222a2ec0 (13 bytes)
1791041304.849983 sending message 112 to peer 0x7fce222a2ec0 (13 bytes)
1791041304.849985 sending message 112 to peer 0x7fce222a2ec0 (13 bytes)
1791041304.849986 sending message 112 to peer 0x7fce222a2ec0 (13 bytes)
1791041304.849988 sending message 112 to peer 0x7fce222a2ec0 (13 bytes)
1791041304.849990 sending message 112 to peer 0x7fce222a2ec0 (13 bytes)
1791041304.849991 sending message 112 to peer 0x7fce222a2ec0 (12 bytes)
1791041304.849993 sending message 112 to peer 0x7fce222a2ec0 (10 bytes)
1791041304.849995 sending message 112 to peer 0x7fce222a2ec0 (12 bytes)
1791041304.849997 sending message 112 to peer 0x7fce222a2ec0 (12 bytes)
1791041304.849999 sending message 112 to peer 0x7fce222a2ec0 (12 bytes)
1791041304.850000 sending message 112 to peer 0x7fce222a2ec0 (13 bytes)
1791041304.850002 sending message 112 to peer 0x7fce222a2ec0 (13 bytes)
1791041304.850003 sending message 112 to peer 0x7fce222a2ec0 (13 bytes)
1791041304.850005 sending message 112 to peer 0x7fce222a2ec0 (13 bytes)
1791041304.850007 sending message 112 to peer 0x7fce222a2ec0 (13 bytes)
1791041304.850008 sending message 112 to peer 0x7fce222a2ec0 (13 bytes)
1791041304.850010 sending message 112 to peer 0x7fce222a2ec0 (13 bytes)
1791041304.850012 sending message 112 to peer 0x7fce222a2ec0 (10 bytes)
1791041304.850013 sending message 112 to peer 0x7fce222a2ec0 (13 bytes)
1791041304.850015 sending message 112 to peer 0x7fce222a2ec0 (12 bytes)
1791041304.850016 sending message 112 to peer 0x7fce222a2ec0 (12 bytes)
1791041304.850018 sending message 112 to peer 0x7fce222a2ec0 (12 bytes)
1791041304.850020 sending message 112 to peer 0x7fce222a2ec0 (10 bytes)
1791041304.850021 sending message 112 to peer 0x7fce222a2ec0 (10 bytes)
1791041304.850023 sending message 112 to peer 0x7fce222a2ec0 (10 bytes)
1791041304.850025 sending message 112 to peer 0x7fce222a2ec0 (12 bytes)
1791041304.850026 sending message 112 to peer 0x7fce222a2ec0 (13 bytes)
1791041304.850028 sending message 112 to peer 0x7fce222a2ec0 (13 bytes)
1791041304.850030 sending message 112 to peer 0x7fce222a2ec0 (13 bytes)
1791041304.850031 sending message 112 to peer 0x7fce222a2ec0 (13 bytes)
1791041304.850033 sending message 112 to peer 0x7fce222a2ec0 (13 bytes)
1791041304.850034 sending message 112 to peer 0x7fce222a2ec0 (11 bytes)
1791041304.850036 sending message 112 to peer 0x7fce222a2ec0 (11 bytes)
1791041304.850038 sending message 112 to peer 0x7fce222a2ec0 (12 bytes)
1791041304.850039 sending message 112 to peer 0x7fce222a2ec0 (12 bytes)
1791041304.850041 sending message 112 to peer 0x7fce222a2ec0 (12 bytes)
1791041304.850043 sending message 112 to peer 0x7fce222a2ec0 (12 bytes)
1791041304.850044 sending message 112 to peer 0x7fce222a2ec0 (12 bytes)
1791041304.850046 sending message 112 to peer 0x7fce222a2ec0 (11 bytes)
1791041304.850048 sending message 112 to peer 0x7fce222a2ec0 (12 bytes)
1791041304.850049 sending message 112 to peer 0x7fce222a2ec0 (12 bytes)
1791041304.850051 sending message 112 to peer 0x7fce222a2ec0 (13 bytes)
1791041304.850052 sending message 112 to peer 0x7fce222a2ec0 (13 bytes)
1791041304.850054 sending message 112 to peer 0x7fce222a2ec0 (13 bytes)
1791041304.850056 sending message 112 to peer 0x7fce222a2ec0 (13 bytes)
1791041304.850057 sending message 112 to peer 0x7fce222a2ec0 (13 bytes)
1791041304.850059 sending message 112 to peer 0x7fce222a2ec0 (10 bytes)
1791041304.850061 sending message 112 to peer 0x7fce222a2ec0 (9 bytes)
1791041304.850062 sending message 112 to peer 0x7fce222a2ec0 (12 bytes)
1791041304.850064 sending message 112 to peer 0x7fce222a2ec0 (13 bytes)
1791041304.850066 sending message 112 to peer 0x7fce222a2ec0 (13 bytes)
1791041304.850067 sending message 112 to peer 0x7fce222a2ec0 (13 bytes)
1791041304.850069 sending message 112 to peer 0x7fce222a2ec0 (13 bytes)
1791041304.850071 sending message 112 to peer 0x7fce222a2ec0 (13 bytes)
1791041304.850074 sending message 112 to peer 0x7fce222a2ec0 (9 bytes)
1791041304.850076 sending message 112 to peer 0x7fce222a2ec0 (12 bytes)
1791041304.850078 sending message 112 to peer 0x7fce222a2ec0 (13 bytes)
1791041304.850079 sending message 112 to peer 0x7fce222a2ec0 (13 bytes)
1791041304.850081 sending message 112 to peer 0x7fce222a2ec0 (13 bytes)
1791041304.850083 sending message 112 to peer 0x7fce222a2ec0 (13 bytes)
1791041304.850084 sending message 112 to peer 0x7fce222a2ec0 (13 bytes)
1791041304.850086 sending message 112 to peer 0x7fce222a2ec0 (11 bytes)
1791041304.850087 sending message 112 to peer 0x7fce222a2ec0 (12 bytes)
1791041304.850089 sending message 112 to peer 0x7fce222a2ec0 (13 bytes)
1791041304.850091 sending message 112 to peer 0x7fce222a2ec0 (13 bytes)
1791041304.850092 sending message 112 to peer 0x7fce222a2ec0 (13 bytes)
1791041304.850094 sending message 112 to peer 0x7fce222a2ec0 (13 bytes)
1791041304.850096 sending message 112 to peer 0x7fce222a2ec0 (13 bytes)
1791041304.850097 sending message 112 to peer 0x7fce222a2ec0 (11 bytes)
1791041304.850099 sending message 112 to peer 0x7fce222a2ec0 (12 bytes)
1791041304.850101 sending message 112 to peer 0x7fce222a2ec0 (12 bytes)
1791041304.850103 sending message 112 to peer 0x7fce222a2ec0 (12 bytes)
1791041304.850104 sending message 112 to peer 0x7fce222a2ec0 (12 bytes)
1791041304.850106 sending message 112 to peer 0x7fce222a2ec0 (12 bytes)
1791041304.850108 sending message 112 to peer 0x7fce222a2ec0 (21 bytes)
1791041304.850109 sending message 112 to peer 0x7fce222a2ec0 (12 bytes)
1791041304.850111 sending message 112 to peer 0x7fce222a2ec0 (9 bytes)
1791041304.850113 sending message 112 to peer 0x7fce222a2ec0 (6 bytes)
1791041304.850114 sending message 112 to peer 0x7fce222a2ec0 (13 bytes)
1791041304.850116 sending message 112 to peer 0x7fce222a2ec0 (8 bytes)
1791041304.850118 sending message 112 to peer 0x7fce222a2ec0 (15 bytes)
1791041304.850119 sending message 112 to peer 0x7fce222a2ec0 (13 bytes)
1791041304.850121 sending message 112 to peer 0x7fce222a2ec0 (9 bytes)
1791041304.850123 sending message 112 to peer 0x7fce222a2ec0 (70 bytes)
1791041304.850124 sending message 112 to peer 0x7fce222a2ec0 (69 bytes)
1791041304.850126 sending message 112 to peer 0x7fce222a2ec0 (10 bytes)
1791041304.850128 sending message 112 to peer 0x7fce222a2ec0 (10 bytes)
1791041304.850129 sending message 112 to peer 0x7fce222a2ec0 (8 bytes)
1791041304.850131 sending message 112 to peer 0x7fce222a2ec0 (15 bytes)
1791041304.850133 sending message 112 to peer 0x7fce222a2ec0 (13 bytes)
1791041304.850134 sending message 112 to peer 0x7fce222a2ec0 (10 bytes)
1791041304.850136 sending message 112 to peer 0x7fce222a2ec0 (10 bytes)
1791041304.850137 sending message 112 to peer 0x7fce222a2ec0 (17 bytes)
1791041304.850139 sending message 112 to peer 0x7fce222a2ec0 (10 bytes)
1791041304.850141 sending message 112 to peer 0x7fce222a2ec0 (13 bytes)
1791041304.850142 sending message 112 to peer 0x7fce222a2ec0 (9 bytes)
1791041304.850144 sending message 112 to peer 0x7fce222a2ec0 (5 bytes)
1791041304.850146 sending message 112 to peer 0x7fce222a2ec0 (15 bytes)
1791041304.850148 sending message 104 to peer 0x7fce222a2ec0 (0 bytes)
1791041304.850150 sending message 110 to peer 0x7fce222a2ec0 (0 bytes)
1791041304.850152 sending message 107 to peer 0x7fce222a2ec0 (4 bytes)
1791041304.850154 sending message 105 to peer 0x7fce222a2ec0 (20 bytes)
1791041304.850156 sending message 105 to peer 0x7fce222a2ec0 (54 bytes)
1791041304.850157 sending message 105 to peer 0x7fce222a2ec0 (12 bytes)
1791041304.850159 sending message 105 to peer 0x7fce222a2ec0 (35 bytes)
1791041304.850160 sending message 105 to peer 0x7fce222a2ec0 (15 bytes)
1791041304.850162 sending message 105 to peer 0x7fce222a2ec0 (18 bytes)
1791041304.850164 sending message 105 to peer 0x7fce222a2ec0 (43 bytes)
1791041304.850165 sending message 105 to peer 0x7fce222a2ec0 (24 bytes)
1791041304.850167 sending message 105 to peer 0x7fce222a2ec0 (13 bytes)
1791041304.850169 sending message 105 to peer 0x7fce222a2ec0 (15 bytes)
1791041304.850172 sending message 105 to peer 0x7fce222a2ec0 (15 bytes)
1791041304.850174 sending message 105 to peer 0x7fce222a2ec0 (20 bytes)
1791041304.850176 sending message 105 to peer 0x7fce222a2ec0 (2969 bytes)
1791041304.850178 sending message 105 to peer 0x7fce222a2ec0 (45 bytes)
1791041304.850180 sending message 105 to peer 0x7fce222a2ec0 (15 bytes)
1791041304.850181 sending message 105 to peer 0x7fce222a2ec0 (15 bytes)
1791041304.850183 sending message 105 to peer 0x7fce222a2ec0 (8 bytes)
1791041304.850184 sending message 105 to peer 0x7fce222a2ec0 (36 bytes)
1791041304.850186 sending message 105 to peer 0x7fce222a2ec0 (52 bytes)
1791041304.850188 sending message 105 to peer 0x7fce222a2ec0 (19 bytes)
1791041304.850189 sending message 105 to peer 0x7fce222a2ec0 (19 bytes)
1791041304.850191 sending message 105 to peer 0x7fce222a2ec0 (18 bytes)
1791041304.850193 sending message 105 to peer 0x7fce222a2ec0 (26 bytes)
1791041304.850194 sending message 105 to peer 0x7fce222a2ec0 (12 bytes)
1791041304.850196 sending message 105 to peer 0x7fce222a2ec0 (35 bytes)
1791041304.850211 sending message 105 to peer 0x7fce222a2ec0 (13 bytes)
1791041304.850213 sending message 105 to peer 0x7fce222a2ec0 (19 bytes)
1791041304.850216 sending message 105 to peer 0x7fce222a2ec0 (12 bytes)
1791041304.850218 sending message 105 to peer 0x7fce222a2ec0 (35 bytes)
1791041304.850221 sending message 105 to peer 0x7fce222a2ec0 (37 bytes)
1791041304.850223 sending message 105 to peer 0x7fce222a2ec0 (40 bytes)
1791041304.850226 sending message 105 to peer 0x7fce222a2ec0 (31 bytes)
1791041304.850231 sending message 105 to peer 0x7fce222a2ec0 (23 bytes)
1791041304.850234 sending message 105 to peer 0x7fce222a2ec0 (17 bytes)
1791041304.850236 sending message 105 to peer 0x7fce222a2ec0 (21 bytes)
1791041304.850238 sending message 105 to peer 0x7fce222a2ec0 (41 bytes)
1791041304.850240 sending message 105 to peer 0x7fce222a2ec0 (16 bytes)
1791041304.850243 sending message 105 to peer 0x7fce222a2ec0 (12 bytes)
1791041304.850245 sending message 105 to peer 0x7fce222a2ec0 (20 bytes)
1791041304.850247 sending message 105 to peer 0x7fce222a2ec0 (19 bytes)
1791041304.850249 sending message 105 to peer 0x7fce222a2ec0 (16 bytes)
1791041304.850251 sending message 105 to peer 0x7fce222a2ec0 (17 bytes)
1791041304.850252 sending message 105 to peer 0x7fce222a2ec0 (16 bytes)
1791041304.850254 sending message 105 to peer 0x7fce222a2ec0 (15 bytes)
1791041304.850256 sending message 105 to peer 0x7fce222a2ec0 (18 bytes)
1791041304.850257 sending message 105 to peer 0x7fce222a2ec0 (16 bytes)
1791041304.850259 sending message 105 to peer 0x7fce222a2ec0 (16 bytes)
1791041304.850260 sending message 105 to peer 0x7fce222a2ec0 (19 bytes)
1791041304.850262 sending message 105 to peer 0x7fce222a2ec0 (8 bytes)
1791041304.850264 sending message 105 to peer 0x7fce222a2ec0 (56 bytes)
1791041304.850265 sending message 105 to peer 0x7fce222a2ec0 (36 bytes)
1791041304.850267 sending message 105 to peer 0x7fce222a2ec0 (27 bytes)
1791041304.850269 sending message 105 to peer 0x7fce222a2ec0 (24 bytes)
1791041304.850271 sending message 105 to peer 0x7fce222a2ec0 (20 bytes)
1791041304.850272 sending message 105 to peer 0x7fce222a2ec0 (24 bytes)
1791041304.850274 sending message 105 to peer 0x7fce222a2ec0 (37 bytes)
1791041304.850277 sending message 105 to peer 0x7fce222a2ec0 (34 bytes)
1791041304.850280 sending message 105 to peer 0x7fce222a2ec0 (45 bytes)
1791041304.850283 sending message 105 to peer 0x7fce222a2ec0 (40 bytes)
1791041304.850284 sending message 105 to peer 0x7fce222a2ec0 (16 bytes)
1791041304.850286 sending message 105 to peer 0x7fce222a2ec0 (10 bytes)
1791041304.850288 sending message 105 to peer 0x7fce222a2ec0 (24 bytes)
1791041304.850289 sending message 105 to peer 0x7fce222a2ec0 (232 bytes)
1791041304.850291 sending message 105 to peer 0x7fce222a2ec0 (15 bytes)
1791041304.850297 sending message 105 to peer 0x7fce222a2ec0 (24 bytes)
1791041304.850299 sending message 105 to peer 0x7fce222a2ec0 (23 bytes)
1791041304.850301 sending message 105 to peer 0x7fce222a2ec0 (1181 bytes)
1791041304.850305 sending message 105 to peer 0x7fce222a2ec0 (540 bytes)
1791041304.850307 sending message 105 to peer 0x7fce222a2ec0 (50 bytes)
1791041304.850309 sending message 105 to peer 0x7fce222a2ec0 (1917 bytes)
1791041304.850310 sending message 105 to peer 0x7fce222a2ec0 (34 bytes)
1791041304.850312 sending message 105 to peer 0x7fce222a2ec0 (56 bytes)
1791041304.850314 sending message 105 to peer 0x7fce222a2ec0 (21 bytes)
1791041304.850315 sending message 105 to peer 0x7fce222a2ec0 (60 bytes)
1791041304.850317 sending message 105 to peer 0x7fce222a2ec0 (12 bytes)
1791041304.850318 sending message 105 to peer 0x7fce222a2ec0 (25 bytes)
1791041304.850320 sending message 105 to peer 0x7fce222a2ec0 (25 bytes)
1791041304.850322 sending message 105 to peer 0x7fce222a2ec0 (21 bytes)
1791041304.850323 sending message 106 to peer 0x7fce222a2ec0 (0 bytes)
1791041304.850366 sending message 200 to peer 0x7fce222a2ec0 (4 bytes)
1791041304.850368 client loop enter
1791041304.850590 peer 0x7fce222a2ec0 message 303
1791041304.850594 open write file 2 -
1791041304.850599 sending message 305 to peer 0x7fce222a2ec0 (8 bytes)
1791041304.850603 write check file 2
1791041304.850678 peer 0x7fce222a2ec0 message 304
1791041304.850681 write 58 to file 2
1791041304.850683 peer 0x7fce222a2ec0 message 203
1791041304.850685 file 2 58 bytes left
1791041304.850696 write check file 2
1791041304.850698 client loop exit
